15:27:06 **** Incremental Build of configuration Debug for project FSMImplementation ****
make -j12 all 
arm-none-eabi-gcc "../Core/Src/FSM-1.c" -mcpu=cortex-m0plus -std=gnu11 -g3 -DDEBUG -DUSE_HAL_DRIVER -DSTM32G071xx -c -I../Core/Inc -I../Drivers/STM32G0xx_HAL_Driver/Inc -I../Drivers/STM32G0xx_HAL_Driver/Inc/Legacy -I../Drivers/CMSIS/Device/ST/STM32G0xx/Include -I../Drivers/CMSIS/Include -O0 -ffunction-sections -fdata-sections -Wall -fstack-usage -fcyclomatic-complexity -MMD -MP -MF"Core/Src/FSM-1.d" -MT"Core/Src/FSM-1.o" --specs=nano.specs -mfloat-abi=soft -mthumb -o "Core/Src/FSM-1.o"
../Core/Src/FSM-1.c: In function 'NextStateFunctionPointers':
../Core/Src/FSM-1.c:65:17: warning: assignment discards 'const' qualifier from pointer target type [-Wdiscarded-qualifiers]
   65 | NextStatePointer=FSMTable[TableIndex].NextState[NextStateIndex];
      |                 ^
../Core/Src/FSM-1.c: In function 'OutputFunction':
../Core/Src/FSM-1.c:150:5: warning: enumeration value 'S1_Press' not handled in switch [-Wswitch]
  150 |     switch (FSM->CurrentState) {
      |     ^~~~~~
../Core/Src/FSM-1.c:150:5: warning: enumeration value 'S2_Press' not handled in switch [-Wswitch]
../Core/Src/FSM-1.c:150:5: warning: enumeration value 'S3_Press' not handled in switch [-Wswitch]
../Core/Src/FSM-1.c:150:5: warning: enumeration value 'S4_Press' not handled in switch [-Wswitch]
arm-none-eabi-gcc -o "FSMImplementation.elf" @"objects.list"   -mcpu=cortex-m0plus -T"C:\Users\ijk95\STM32CubeIDE\workspace_1.16.0\FSMImplementation\STM32G071RBTX_FLASH.ld" --specs=nosys.specs -Wl,-Map="FSMImplementation.map" -Wl,--gc-sections -static --specs=nano.specs -mfloat-abi=soft -mthumb -Wl,--start-group -lc -lm -Wl,--end-group
Finished building target: FSMImplementation.elf
 
arm-none-eabi-size  FSMImplementation.elf 
arm-none-eabi-objdump -h -S FSMImplementation.elf  > "FSMImplementation.list"
   text	   data	    bss	    dec	    hex	filename
   5984	     12	   1572	   7568	   1d90	FSMImplementation.elf
Finished building: default.size.stdout
 
Finished building: FSMImplementation.list
 

15:27:07 Build Finished. 0 errors, 5 warnings. (took 945ms)

