15:46:07 **** Incremental Build of configuration Debug for project Final2 ****
make -j12 all 
arm-none-eabi-size  Final2.elf 
   text	   data	    bss	    dec	    hex	filename
  26540	    108	   2308	  28956	   711c	Final2.elf
Finished building: default.size.stdout
 
15:46:10 **** Incremental Build of configuration Debug for project Final2 ****
make -j12 all 
arm-none-eabi-size  Final2.elf 
   text	   data	    bss	    dec	    hex	filename
  26540	    108	   2308	  28956	   711c	Final2.elf
Finished building: default.size.stdout
 
