20:05:02 **** Incremental Build of configuration Debug for project UART_Communication_LL ****
make -j12 all 
arm-none-eabi-size  UART_Communication_LL.elf 
   text	   data	    bss	    dec	    hex	filename
   7664	     84	   1900	   9648	   25b0	UART_Communication_LL.elf
Finished building: default.size.stdout
 
20:05:13 **** Incremental Build of configuration Debug for project UART_Communication_LL ****
make -j12 all 
arm-none-eabi-size  UART_Communication_LL.elf 
   text	   data	    bss	    dec	    hex	filename
   7664	     84	   1900	   9648	   25b0	UART_Communication_LL.elf
Finished building: default.size.stdout
 
20:05:30 **** Incremental Build of configuration Debug for project UART_Communication_LL ****
make -j12 all 
arm-none-eabi-size  UART_Communication_LL.elf 
   text	   data	    bss	    dec	    hex	filename
   7664	     84	   1900	   9648	   25b0	UART_Communication_LL.elf
Finished building: default.size.stdout
 
20:06:41 **** Incremental Build of configuration Debug for project UART_Communication_LL ****
make -j12 all 
arm-none-eabi-gcc "../Core/Src/main.c" -mcpu=cortex-m0plus -std=gnu11 -g3 -DDEBUG -DSTM32G071xx -DUSE_FULL_LL_DRIVER -DHSE_VALUE=8000000 -DHSE_STARTUP_TIMEOUT=100 -DLSE_STARTUP_TIMEOUT=5000 -DLSE_VALUE=32768 -DEXTERNAL_CLOCK_VALUE=48000 -DHSI_VALUE=16000000 -DLSI_VALUE=32000 -DVDD_VALUE=3300 -DPREFETCH_ENABLE=1 -DINSTRUCTION_CACHE_ENABLE=1 -DDATA_CACHE_ENABLE=1 -c -I../Core/Inc -IC:/Users/ijk95/STM32Cube/Repository/STM32Cube_FW_G0_V1.6.2/Drivers/STM32G0xx_HAL_Driver/Inc -IC:/Users/ijk95/STM32Cube/Repository/STM32Cube_FW_G0_V1.6.2/Drivers/CMSIS/Device/ST/STM32G0xx/Include -IC:/Users/ijk95/STM32Cube/Repository/STM32Cube_FW_G0_V1.6.2/Drivers/CMSIS/Include -O0 -ffunction-sections -fdata-sections -Wall -fstack-usage -fcyclomatic-complexity -MMD -MP -MF"Core/Src/main.d" -MT"Core/Src/main.o" --specs=nano.specs -mfloat-abi=soft -mthumb -o "Core/Src/main.o"
arm-none-eabi-gcc -o "UART_Communication_LL.elf" @"objects.list"   -mcpu=cortex-m0plus -T"C:\Users\ijk95\STM32CubeIDE\workspace_1.16.0\UART_Communication\STM32G071RBTX_FLASH.ld" --specs=nosys.specs -Wl,-Map="UART_Communication_LL.map" -Wl,--gc-sections -static --specs=nano.specs -mfloat-abi=soft -mthumb -Wl,--start-group -lc -lm -Wl,--end-group
Finished building target: UART_Communication_LL.elf
 
arm-none-eabi-size  UART_Communication_LL.elf 
arm-none-eabi-objdump -h -S UART_Communication_LL.elf  > "UART_Communication_LL.list"
   text	   data	    bss	    dec	    hex	filename
   7668	     84	   1900	   9652	   25b4	UART_Communication_LL.elf
Finished building: default.size.stdout
 
Finished building: UART_Communication_LL.list
 
20:06:59 **** Incremental Build of configuration Debug for project UART_Communication_LL ****
make -j12 all 
arm-none-eabi-size  UART_Communication_LL.elf 
   text	   data	    bss	    dec	    hex	filename
   7668	     84	   1900	   9652	   25b4	UART_Communication_LL.elf
Finished building: default.size.stdout
 
