22:45:01 **** Build of configuration Debug for project IntroductionToC3 ****
make -j12 all 
arm-none-eabi-gcc "../Core/Src/main.c" -mcpu=cortex-m0plus -std=gnu11 -g3 -DDEBUG -DUSE_HAL_DRIVER -DSTM32G071xx -c -I../Core/Inc -I../Drivers/STM32G0xx_HAL_Driver/Inc -I../Drivers/STM32G0xx_HAL_Driver/Inc/Legacy -I../Drivers/CMSIS/Device/ST/STM32G0xx/Include -I../Drivers/CMSIS/Include -O0 -ffunction-sections -fdata-sections -Wall -fstack-usage -fcyclomatic-complexity -MMD -MP -MF"Core/Src/main.d" -MT"Core/Src/main.o" --specs=nano.specs -mfloat-abi=soft -mthumb -o "Core/Src/main.o"
../Core/Src/main.c: In function 'main':
../Core/Src/main.c:145:11: warning: implicit declaration of function 'ToggleGreenLEDUsingBSRR' [-Wimplicit-function-declaration]
  145 |           ToggleGreenLEDUsingBSRR();
      |           ^~~~~~~~~~~~~~~~~~~~~~~
arm-none-eabi-gcc -o "IntroductionToC3.elf" @"objects.list"   -mcpu=cortex-m0plus -T"C:\Users\ijk95\STM32CubeIDE\workspace_1.16.0\IntroductionToC3\STM32G071RBTX_FLASH.ld" --specs=nosys.specs -Wl,-Map="IntroductionToC3.map" -Wl,--gc-sections -static --specs=nano.specs -mfloat-abi=soft -mthumb -Wl,--start-group -lc -lm -Wl,--end-group
Finished building target: IntroductionToC3.elf
 
arm-none-eabi-size  IntroductionToC3.elf 
arm-none-eabi-objdump -h -S IntroductionToC3.elf  > "IntroductionToC3.list"
   text	   data	    bss	    dec	    hex	filename
   4528	     12	   1572	   6112	   17e0	IntroductionToC3.elf
Finished building: default.size.stdout
 
Finished building: IntroductionToC3.list
 

22:45:03 Build Finished. 0 errors, 1 warnings. (took 1s.330ms)

