22:45:08 **** Build of configuration Debug for project TimerCompare ****
make -j12 all 
arm-none-eabi-gcc "../Core/Src/main.c" -mcpu=cortex-m0plus -std=gnu11 -g3 -DDEBUG -DUSE_HAL_DRIVER -DSTM32G071xx -c -I../Core/Inc -I../Drivers/STM32G0xx_HAL_Driver/Inc -I../Drivers/STM32G0xx_HAL_Driver/Inc/Legacy -I../Drivers/CMSIS/Device/ST/STM32G0xx/Include -I../Drivers/CMSIS/Include -O0 -ffunction-sections -fdata-sections -Wall -fstack-usage -fcyclomatic-complexity -MMD -MP -MF"Core/Src/main.d" -MT"Core/Src/main.o" --specs=nano.specs -mfloat-abi=soft -mthumb -o "Core/Src/main.o"
arm-none-eabi-gcc -o "TimerCompare.elf" @"objects.list"   -mcpu=cortex-m0plus -T"C:\Users\ijk95\STM32CubeIDE\workspace_1.16.0\TimerCompare\STM32G071RBTX_FLASH.ld" --specs=nosys.specs -Wl,-Map="TimerCompare.map" -Wl,--gc-sections -static --specs=nano.specs -mfloat-abi=soft -mthumb -Wl,--start-group -lc -lm -Wl,--end-group
Finished building target: TimerCompare.elf
 
arm-none-eabi-size  TimerCompare.elf 
arm-none-eabi-objdump -h -S TimerCompare.elf  > "TimerCompare.list"
   text	   data	    bss	    dec	    hex	filename
   8244	     16	   1648	   9908	   26b4	TimerCompare.elf
Finished building: default.size.stdout
 
Finished building: TimerCompare.list
 

22:45:09 Build Finished. 0 errors, 0 warnings. (took 1s.380ms)

